0 verbose cli /opt/homebrew/Cellar/node/25.2.1/bin/node /opt/homebrew/bin/npm
1 info using npm@11.6.2
2 info using node@v25.2.1
3 silly config load:file:/opt/homebrew/lib/node_modules/npm/npmrc
4 silly config load:file:/Users/janemanning/GitRepos/spirit-forest/.npmrc
5 silly config load:file:/Users/janemanning/.npmrc
6 silly config load:file:/opt/homebrew/etc/npmrc
7 verbose title npm install
8 verbose argv "install" "--include" "optional" "--package-lock-only" "--ignore-scripts"
9 verbose logfile logs-max:10 dir:/Users/janemanning/GitRepos/spirit-forest/.npm-cache/_logs/2026-02-10T01_41_37_438Z-
10 verbose logfile /Users/janemanning/GitRepos/spirit-forest/.npm-cache/_logs/2026-02-10T01_41_37_438Z-debug-0.log
11 silly logfile done cleaning log files
12 silly packumentCache heap:4496293888 maxSize:1124073472 maxEntrySize:562036736
13 http fetch GET https://registry.npmjs.org/npm attempt 1 failed with ENOTFOUND
14 silly idealTree buildDeps
15 silly fetch manifest bufferutil@4.1.0
16 silly packumentCache full:https://registry.npmjs.org/bufferutil cache-miss
17 http fetch GET https://registry.npmjs.org/bufferutil attempt 1 failed with ENOTFOUND
18 http fetch GET https://registry.npmjs.org/npm attempt 2 failed with ENOTFOUND
19 http fetch GET https://registry.npmjs.org/bufferutil attempt 2 failed with ENOTFOUND
20 http fetch GET https://registry.npmjs.org/npm attempt 3 failed with ENOTFOUND
21 http fetch GET https://registry.npmjs.org/bufferutil attempt 3 failed with ENOTFOUND
22 silly placeDep ROOT bufferutil@ OK for: rest-express@1.0.0 want: 4.1.0
23 http cache https://registry.npmjs.org/@tailwindcss/oxide-wasm32-wasi/-/oxide-wasm32-wasi-4.1.18.tgz 0ms (cache hit)
24 silly tarball no local data for https://registry.npmjs.org/@tailwindcss/oxide-wasm32-wasi/-/oxide-wasm32-wasi-4.1.18.tgz. Extracting by manifest.
25 http fetch GET https://registry.npmjs.org/@tailwindcss/oxide-wasm32-wasi/-/oxide-wasm32-wasi-4.1.18.tgz attempt 1 failed with ENOTFOUND
26 http fetch GET https://registry.npmjs.org/@tailwindcss/oxide-wasm32-wasi/-/oxide-wasm32-wasi-4.1.18.tgz attempt 2 failed with ENOTFOUND
